******************************************************************************
                  TI ARM Linker PC v5.0.4                      
******************************************************************************
>> Linked Wed Apr 17 01:18:09 2019

OUTPUT FILE NAME:   <HW5.out>
ENTRY POINT SYMBOL: 0


MEMORY CONFIGURATION

         name            origin    length      used     unused   attr    fill
----------------------  --------  ---------  --------  --------  ----  --------
  FLASH                 00000000   00040000  00000622  0003f9de  R  X
  SRAM                  20000000   00008000  00000000  00008000  RW X


SEGMENT ALLOCATION MAP

run origin  load origin   length   init length attrs members
----------  ----------- ---------- ----------- ----- -------
00000000    00000000    00000622   00000622    r-x
  00000000    00000000    0000026c   0000026c    r-- .intvecs
  0000026c    0000026c    000003b6   000003b6    r-x .text


SECTION ALLOCATION MAP

 output                                  attributes/
section   page    origin      length       input sections
--------  ----  ----------  ----------   ----------------
.intvecs   0    00000000    0000026c     
                  00000000    0000026c     2014311274.obj (.intvecs)

.cinit     0    00000000    00000000     UNINITIALIZED

.init_array 
*          0    00000000    00000000     UNINITIALIZED

.text      0    0000026c    000003b6     
                  0000026c    000003b6     2014311274.obj (.text)


GLOBAL SYMBOLS: SORTED ALPHABETICALLY BY Name 

address    name
--------   ----
0000046d   __STACK_TOP
00000000   __TI_static_base__
ffffffff   __binit__
ffffffff   __c_args__
0000026d   __stack
ffffffff   binit


GLOBAL SYMBOLS: SORTED BY Symbol Address 

address    name
--------   ----
00000000   __TI_static_base__
0000026d   __stack
0000046d   __STACK_TOP
ffffffff   __binit__
ffffffff   __c_args__
ffffffff   binit

[6 symbols]
