******************************************************************************
                  TI ARM Linker PC v5.0.4                      
******************************************************************************
>> Linked Wed Mar 27 00:16:54 2019

OUTPUT FILE NAME:   <ARM_HW1(my).out>
ENTRY POINT SYMBOL: "_c_int00"  address: 000014c1


MEMORY CONFIGURATION

         name            origin    length      used     unused   attr    fill
----------------------  --------  ---------  --------  --------  ----  --------
  FLASH                 00000000   00040000  00001f42  0003e0be  R  X
  SRAM                  20000000   00008000  00000234  00007dcc  RW X


SEGMENT ALLOCATION MAP

run origin  load origin   length   init length attrs members
----------  ----------- ---------- ----------- ----- -------
00000000    00000000    00001f48   00001f48    r-x
  00000000    00000000    0000026c   0000026c    r-- .intvecs
  0000026c    0000026c    000015f2   000015f2    r-x .text
  00001860    00001860    0000069c   0000069c    r-- .const
  00001f00    00001f00    00000048   00000048    r-- .cinit
20000000    20000000    00000200   00000000    rw-
  20000000    20000000    00000200   00000000    rw- .stack
20000200    20000200    00000034   00000030    rw-
  20000200    20000200    00000030   00000030    rw- .data
  20000230    20000230    00000004   00000000    rw- .bss


SECTION ALLOCATION MAP

 output                                  attributes/
section   page    origin      length       input sections
--------  ----  ----------  ----------   ----------------
.intvecs   0    00000000    0000026c     
                  00000000    0000026c     startup_ccs.obj (.intvecs)

.init_array 
*          0    00000000    00000000     UNINITIALIZED

.text      0    0000026c    000015f2     
                  0000026c    00000266     grlib.lib : string.obj (.text:GrFontGlyphRender)
                  000004d2    00000002     cfal96x64x16.obj (.text:CFAL96x64x16Flush)
                  000004d4    000001ea     uartstdio.obj (.text:UARTvprintf)
                  000006be    00000002     startup_ccs.obj (.text:FaultISR)
                  000006c0    000001dc     hello.obj (.text:main)
                  0000089c    000001d4     switch.obj (.text)
                  00000a70    00000160     cfal96x64x16.obj (.text:CFAL96x64x16Init)
                  00000bd0    0000013c     cfal96x64x16.obj (.text:CFAL96x64x16PixelDrawMultiple)
                  00000d0c    000000ca     grlib.lib : string.obj (.text:GrDefaultStringRenderer)
                  00000dd6    0000009c     rtsv7M4_T_le_v4SPD16_eabi.lib : memcpy_t2.obj (.text)
                  00000e72    00000002     startup_ccs.obj (.text:IntDefaultHandler)
                  00000e74    00000098     uartstdio.obj (.text:UARTgets)
                  00000f0c    00000094     rtsv7M4_T_le_v4SPD16_eabi.lib : auto_init.obj (.text)
                  00000fa0    00000092     cfal96x64x16.obj (.text:CFAL96x64x16LineDrawV)
                  00001032    0000006c     cfal96x64x16.obj (.text:CFAL96x64x16LineDrawH)
                  0000109e    0000006a     grlib.lib : string.obj (.text:GrStringWidthGet)
                  00001108    00000066               : rectangle.obj (.text:GrRectDraw)
                  0000116e    00000002     startup_ccs.obj (.text:NmiSR)
                  00001170    00000064     grlib.lib : context.obj (.text:GrContextInit)
                  000011d4    0000005e     rtsv7M4_T_le_v4SPD16_eabi.lib : copy_decompress_rle.obj (.text)
                  00001232    00000002     --HOLE-- [fill = 0]
                  00001234    0000005c     hello.obj (.text:ConfigureUART)
                  00001290    0000005c     grlib.lib : string.obj (.text:FontWideGlyphDataGet)
                  000012ec    00000058     uartstdio.obj (.text:UARTStdioConfig)
                  00001344    00000050     hello.obj (.text:fill)
                  00001394    0000004c     cfal96x64x16.obj (.text:CFAL96x64x16WriteCommand)
                  000013e0    0000004c     cfal96x64x16.obj (.text:CFAL96x64x16WriteData)
                  0000142c    0000004a     grlib.lib : string.obj (.text:UpdateContextCharMapping)
                  00001476    00000002     --HOLE-- [fill = 0]
                  00001478    00000048     uartstdio.obj (.text:UARTwrite)
                  000014c0    00000048     rtsv7M4_T_le_v4SPD16_eabi.lib : boot.obj (.text)
                  00001508    00000046     grlib.lib : line.obj (.text:GrLineDrawH)
                  0000154e    00000046               : line.obj (.text:GrLineDrawV)
                  00001594    00000044     rtsv7M4_T_le_v4SPD16_eabi.lib : cpy_tbl.obj (.text)
                  000015d8    00000042                                   : u_divt2.obj (.text)
                  0000161a    00000002     --HOLE-- [fill = 0]
                  0000161c    00000040                                   : exit.obj (.text)
                  0000165c    0000003a     grlib.lib : string.obj (.text:FontGlyphDataGet)
                  00001696    00000032     cfal96x64x16.obj (.text:CFAL96x64x16PixelDraw)
                  000016c8    0000002a     cfal96x64x16.obj (.text:CFAL96x64x16RectFill)
                  000016f2    0000002a     grlib.lib : string.obj (.text:GrFontBaselineGet)
                  0000171c    0000002a               : string.obj (.text:GrStringNextCharGet)
                  00001746    00000026               : string.obj (.text:GrFontInfoGet)
                  0000176c    00000022               : string.obj (.text:GrFontGlyphDataGet)
                  0000178e    0000001e               : string.obj (.text:GrFontCodepageGet)
                  000017ac    0000001a     uartstdio.obj (.text:UARTprintf)
                  000017c6    00000002     --HOLE-- [fill = 0]
                  000017c8    00000018     rtsv7M4_T_le_v4SPD16_eabi.lib : args_main.obj (.text)
                  000017e0    00000016     cfal96x64x16.obj (.text:CFAL96x64x16ColorTranslate)
                  000017f6    00000002     --HOLE-- [fill = 0]
                  000017f8    00000014     rtsv7M4_T_le_v4SPD16_eabi.lib : _lock.obj (.text)
                  0000180c    00000012     grlib.lib : string.obj (.text:GrStringDraw)
                  0000181e    00000012     rtsv7M4_T_le_v4SPD16_eabi.lib : copy_zero_init.obj (.text:decompress:ZI)
                  00001830    0000000e                                   : copy_decompress_none.obj (.text:decompress:none)
                  0000183e    00000008     grlib.lib : charmap.obj (.text:GrMapISO8859_1_Unicode)
                  00001846    00000006               : string.obj (.text:GrContextFontSet)
                  0000184c    00000006     startup_ccs.obj (.text:ResetISR)
                  00001852    00000006     driverlib.lib : uart.obj (.text:UARTClockSourceSet)
                  00001858    00000006     rtsv7M4_T_le_v4SPD16_eabi.lib : copy_decompress_rle.obj (.text:decompress:rle24)

.const     0    00001860    0000069c     
                  00001860    0000055f     grlib.lib : fontcm12.obj (.const:.string:g_pui8Cm12Data)
                  00001dbf    00000001     --HOLE-- [fill = 0]
                  00001dc0    000000c8               : fontcm12.obj (.const:g_sFontCm12)
                  00001e88    00000028     cfal96x64x16.obj (.const:g_sCFAL96x64x16)
                  00001eb0    0000001c     uartstdio.obj (.const)
                  00001ecc    00000012     uartstdio.obj (.const:.string)
                  00001ede    00000002     --HOLE-- [fill = 0]
                  00001ee0    00000010     grlib.lib : context.obj (.const)
                  00001ef0    00000008     hello.obj (.const)
                  00001ef8    00000004     hello.obj (.const:.string)

.cinit     0    00001f00    00000048     
                  00001f00    00000023     (.cinit..data.load) [load image, compression = rle]
                  00001f23    00000001     --HOLE-- [fill = 0]
                  00001f24    0000000c     (__TI_handler_table)
                  00001f30    00000008     (.cinit..bss.load) [load image, compression = zero_init]
                  00001f38    00000010     (__TI_cinit_table)

.stack     0    20000000    00000200     UNINITIALIZED
                  20000000    00000200     --HOLE--

.data      0    20000200    00000030     
                  20000200    00000013     cfal96x64x16.obj (.data)
                  20000213    00000001     --HOLE--
                  20000214    00000008     rtsv7M4_T_le_v4SPD16_eabi.lib : _lock.obj (.data)
                  2000021c    00000008                                   : exit.obj (.data)
                  20000224    00000005     uartstdio.obj (.data)
                  20000229    00000003     --HOLE--
                  2000022c    00000004     rtsv7M4_T_le_v4SPD16_eabi.lib : stkdepth_vars.obj (.data)

.bss       0    20000230    00000004     UNINITIALIZED
                  20000230    00000004     grlib.lib : context.obj (.bss)


LINKER GENERATED COPY TABLES

__TI_cinit_table @ 00001f38 records: 2, size/record: 8, table size: 16
	.data: load addr=00001f00, load size=00000023 bytes, run addr=20000200, run size=00000030 bytes, compression=rle
	.bss: load addr=00001f30, load size=00000008 bytes, run addr=20000230, run size=00000004 bytes, compression=zero_init


LINKER GENERATED HANDLER TABLE

__TI_handler_table @ 00001f24 records: 3, size/record: 4, table size: 12
	index: 0, handler: __TI_decompress_rle24
	index: 1, handler: __TI_decompress_none
	index: 2, handler: __TI_zero_init


GLOBAL SYMBOLS: SORTED ALPHABETICALLY BY Name 

address    name
--------   ----
0000161d   C$$EXIT
00000a71   CFAL96x64x16Init
00001235   ConfigureUART
00001847   GrContextFontSet
00001171   GrContextInit
00000d0d   GrDefaultStringRenderer
000016f3   GrFontBaselineGet
0000178f   GrFontCodepageGet
0000176d   GrFontGlyphDataGet
0000026d   GrFontGlyphRender
00001747   GrFontInfoGet
00001509   GrLineDrawH
0000154f   GrLineDrawV
0000183f   GrMapISO8859_1_Unicode
00001109   GrRectDraw
0000180d   GrStringDraw
0000171d   GrStringNextCharGet
0000109f   GrStringWidthGet
0000184d   ResetISR
UNDEFED    SHT$$INIT_ARRAY$$Base
UNDEFED    SHT$$INIT_ARRAY$$Limit
0000089d   Switch_Init
000009ab   Switch_Input
00001853   UARTClockSourceSet
000012ed   UARTStdioConfig
00000e75   UARTgets
000017ad   UARTprintf
000004d5   UARTvprintf
00001479   UARTwrite
20000200   __STACK_END
00000200   __STACK_SIZE
20000200   __STACK_TOP
00001f38   __TI_CINIT_Base
00001f48   __TI_CINIT_Limit
00001f24   __TI_Handler_Table_Base
00001f30   __TI_Handler_Table_Limit
00000001   __TI_args_main
00000f0d   __TI_auto_init
00001831   __TI_decompress_none
00001859   __TI_decompress_rle24
00000000   __TI_static_base__
0000181f   __TI_zero_init
00000dd7   __aeabi_memcpy
00000dd7   __aeabi_memcpy4
00000dd7   __aeabi_memcpy8
000015d9   __aeabi_uidivmod
ffffffff   __binit__
ffffffff   __c_args__
20000000   __stack
000017c9   _args_main
000014c1   _c_int00
2000021c   _cleanup_ptr
20000220   _dtors_ptr
20000214   _lock
00001807   _nop
000017ff   _register_lock
000017f9   _register_unlock
20000218   _unlock
00001621   abort
ffffffff   binit
00001595   copy_in
00000a55   cursor
00001629   exit
00001345   fill
00000000   g_pfnVectors
00001ee0   g_psDefaultCodePointMapTable
00001e88   g_sCFAL96x64x16
00001dc0   g_sFontCm12
00000a59   init
000006c1   main
2000022c   main_func_sp
00000dd7   memcpy
00000a67   num_1
00000a6b   num_3


GLOBAL SYMBOLS: SORTED BY Symbol Address 

address    name
--------   ----
00000000   __TI_static_base__
00000000   g_pfnVectors
00000001   __TI_args_main
00000200   __STACK_SIZE
0000026d   GrFontGlyphRender
000004d5   UARTvprintf
000006c1   main
0000089d   Switch_Init
000009ab   Switch_Input
00000a55   cursor
00000a59   init
00000a67   num_1
00000a6b   num_3
00000a71   CFAL96x64x16Init
00000d0d   GrDefaultStringRenderer
00000dd7   __aeabi_memcpy
00000dd7   __aeabi_memcpy4
00000dd7   __aeabi_memcpy8
00000dd7   memcpy
00000e75   UARTgets
00000f0d   __TI_auto_init
0000109f   GrStringWidthGet
00001109   GrRectDraw
00001171   GrContextInit
00001235   ConfigureUART
000012ed   UARTStdioConfig
00001345   fill
00001479   UARTwrite
000014c1   _c_int00
00001509   GrLineDrawH
0000154f   GrLineDrawV
00001595   copy_in
000015d9   __aeabi_uidivmod
0000161d   C$$EXIT
00001621   abort
00001629   exit
000016f3   GrFontBaselineGet
0000171d   GrStringNextCharGet
00001747   GrFontInfoGet
0000176d   GrFontGlyphDataGet
0000178f   GrFontCodepageGet
000017ad   UARTprintf
000017c9   _args_main
000017f9   _register_unlock
000017ff   _register_lock
00001807   _nop
0000180d   GrStringDraw
0000181f   __TI_zero_init
00001831   __TI_decompress_none
0000183f   GrMapISO8859_1_Unicode
00001847   GrContextFontSet
0000184d   ResetISR
00001853   UARTClockSourceSet
00001859   __TI_decompress_rle24
00001dc0   g_sFontCm12
00001e88   g_sCFAL96x64x16
00001ee0   g_psDefaultCodePointMapTable
00001f24   __TI_Handler_Table_Base
00001f30   __TI_Handler_Table_Limit
00001f38   __TI_CINIT_Base
00001f48   __TI_CINIT_Limit
20000000   __stack
20000200   __STACK_END
20000200   __STACK_TOP
20000214   _lock
20000218   _unlock
2000021c   _cleanup_ptr
20000220   _dtors_ptr
2000022c   main_func_sp
ffffffff   __binit__
ffffffff   __c_args__
ffffffff   binit
UNDEFED    SHT$$INIT_ARRAY$$Base
UNDEFED    SHT$$INIT_ARRAY$$Limit

[74 symbols]
